Processing esp32_D0WDQ6 (board: esp32dev; platform: https://github.com/pioarduino/platform-espressif32/releases/download/stable/platform-espressif32.zip; framework: arduino)
--------------------------------------------------------------------------------
PYTHONEXE updated to penv environment: C:\Users\develop\.platformio\penv\Scripts\python.exe
PLATFORM: Espressif 32 (55.3.30) > Espressif ESP32 Dev Module
HARDWARE: ESP32 240MHz, 320KB RAM, 4MB Flash
DEBUG: Current (cmsis-dap) External (cmsis-dap, esp-bridge, esp-prog, iot-bus-jtag, jlink, minimodule, olimex-arm-usb-ocd, olimex-arm-usb-ocd-h, olimex-arm-usb-tiny-h, olimex-jtag-tiny, tumpa)
PACKAGES: 
 - contrib-piohome @ 3.4.4 
 - framework-arduinoespressif32 @ 3.1.1+sha.2f423af 
 - framework-arduinoespressif32-libs @ 5.3.2+sha.cfea4f7c98 
 - tool-esptoolpy @ 5.0.2 
 - tool-mklittlefs @ 3.2.0 
 - toolchain-xtensa-esp-elf @ 14.2.0+20241119
LDF Modes: Finder ~ chain, Compatibility ~ strict
Found 47 compatible libraries
Scanning dependencies...
Dependency Graph
|-- lvgl @ 9.3.0
|-- LwBTN @ 1.2.1
|-- ArduinoJson @ 7.4.2
|-- GFX Library for Arduino @ 1.6.2
|-- AsyncTCP @ 3.4.9
|-- ESPAsyncWebServer @ 3.8.1
|-- Wire @ 3.1.1
|-- LittleFS @ 3.1.1
|-- WiFi @ 3.1.1
|-- Update @ 3.1.1
|-- WebServer @ 3.1.1
*** Applied include path shortening for 269 framework paths ***
*** Path length reduced from 32021 to ~11401 characters ***
... (10 lines truncated)
